<html>
<body>
<pre>
<h1>µVision Build Log</h1>
<h2>Project:</h2>
C:\Users\ASUS\Desktop\Embeded Projectr\Lipo_Charger_With_Amp_Selection(GÝThub)\Embedded Software\ADC10samAVR.uvproj
Project File Date:  12/13/2018

<h2>Output:</h2>
Build target 'Target 1'
compiling main.c...
linking...
Program Size: Code=1592 RO-data=424 RW-data=48 ZI-data=1832  
".\ADC10samAVR.axf" - 0 Error(s), 0 Warning(s).
Load "C:\\Users\\ASUS\\Desktop\\Embeded Projectr\\Lipo_Charger_With_Amp_Selection(GÝThub)\\Embedded Software\\ADC10samAVR.axf" 
Erase Done.
Programming Done.
Verify OK.
Application running ...
Error: Target DLL has been cancelled. Debugger aborted !
</pre>
</body>
</html>
.c...
".\ADC10samAVR.axf" - 1 Error(s), 0 Warning(s).
Target not created
pleBuffer ,sampleNumber);
UserFunctions.c(54): error:  #118: a void function may not return a value
                return ADCBufferAverage;
UserFunctions.c: 0 warnings, 2 errors
".\ADC10samAVR.axf" - 3 Error(s), 0 Warning(s).
Target not created
ng(s).
