<html>
<body>
<pre>
<h1>µVision Build Log</h1>
<h2>Project:</h2>
C:\Users\ASUS\Desktop\Embeded Projectr\Lipo_Charger_With_Amp_Selection(GÝThub)\Embedded Software\ADC10samAVR.uvproj
Project File Date:  12/13/2018

<h2>Output:</h2>
Rebuild target 'Target 1'
compiling main.c...
compiling initFunction.c...
assembling startup_stm32f40_41xxx.s...
compiling UserFunctions.c...
compiling system_stm32f4xx.c...
linking...
Program Size: Code=1592 RO-data=424 RW-data=48 ZI-data=1832  
".\ADC10samAVR.axf" - 0 Error(s), 0 Warning(s).
s(void);
initFunction.c: 1 warning, 0 errors
assembling startup_stm32f40_41xxx.s...
compiling UserFunctions.c...
compiling system_stm32f4xx.c...
linking...
Program Size: Code=1592 RO-data=424 RW-data=48 ZI-data=1832  
".\ADC10samAVR.axf" - 0 Error(s), 2 Warning(s).
r        = 0;
UserFunctions.c: 1 warning, 0 errors
compiling system_stm32f4xx.c...
linking...
Program Size: Code=1596 RO-data=424 RW-data=48 ZI-data=1832  
".\ADC10samAVR.axf" - 0 Error(s), 3 Warning(s).
